WTF size: 1248 | 11
U ADDR: 0x7ffc77888f70
PARSED ID: 'U' 123456789
ID: 'U' 123456789
The user has the data 11531963669 | Manuel Maria Filipe Carlos Amélio Luís Miguel Rafael Gabriel Gonzaga Xavier Francisco de Assis Eugénio de Bragança Orleães Sabóia e Saxe-Coburgo-Gotha | 123456789 | 255 | 1 | 351 | 123456 | 1
The size of user is 184 bytes.
